<!DOCTYPE html PUBLIC "-//W3C//DTD XHTML 1.0 Transitional//EN" "http://www.w3.org/TR/xhtml1/DTD/xhtml1-transitional.dtd">
<html xmlns="http://www.w3.org/1999/xhtml">
<head>
<meta http-equiv="Content-Type" content="text/xhtml;charset=UTF-8"/>
<meta http-equiv="X-UA-Compatible" content="IE=9"/>
<meta name="generator" content="Doxygen 1.8.6"/>
<title>boost.outcome: Implementation of LEWG proposed expected&lt;T, E&gt;</title>
<link href="tabs.css" rel="stylesheet" type="text/css"/>
<script type="text/javascript" src="jquery.js"></script>
<script type="text/javascript" src="dynsections.js"></script>
<link href="navtree.css" rel="stylesheet" type="text/css"/>
<script type="text/javascript" src="resize.js"></script>
<script type="text/javascript" src="navtree.js"></script>
<script type="text/javascript">
  $(document).ready(initResizable);
  $(window).load(resizeHeight);
</script>
<link href="search/search.css" rel="stylesheet" type="text/css"/>
<script type="text/javascript" src="search/search.js"></script>
<script type="text/javascript">
  $(document).ready(function() { searchBox.OnSelectItem(0); });
</script>
<link href="doxygen.css" rel="stylesheet" type="text/css" />
</head>
<body>
<div id="top"><!-- do not remove this div, it is closed by doxygen! -->
<div id="titlearea">
<table cellspacing="0" cellpadding="0">
 <tbody>
 <tr style="height: 56px;">
  <td style="padding-left: 0.5em;">
   <div id="projectname">boost.outcome
   &#160;<span id="projectnumber">0.99</span>
   </div>
  </td>
 </tr>
 </tbody>
</table>
</div>
<!-- end header part -->
<!-- Generated by Doxygen 1.8.6 -->
<script type="text/javascript">
var searchBox = new SearchBox("searchBox", "search",false,'Search');
</script>
  <div id="navrow1" class="tabs">
    <ul class="tablist">
      <li><a href="index.html"><span>Main&#160;Page</span></a></li>
      <li><a href="pages.html"><span>Related&#160;Pages</span></a></li>
      <li><a href="modules.html"><span>Modules</span></a></li>
      <li><a href="namespaces.html"><span>Namespaces</span></a></li>
      <li><a href="annotated.html"><span>Classes</span></a></li>
      <li><a href="files.html"><span>Files</span></a></li>
      <li>
        <div id="MSearchBox" class="MSearchBoxInactive">
        <span class="left">
          <img id="MSearchSelect" src="search/mag_sel.png"
               onmouseover="return searchBox.OnSearchSelectShow()"
               onmouseout="return searchBox.OnSearchSelectHide()"
               alt=""/>
          <input type="text" id="MSearchField" value="Search" accesskey="S"
               onfocus="searchBox.OnSearchFieldFocus(true)" 
               onblur="searchBox.OnSearchFieldFocus(false)" 
               onkeyup="searchBox.OnSearchFieldChange(event)"/>
          </span><span class="right">
            <a id="MSearchClose" href="javascript:searchBox.CloseResultsWindow()"><img id="MSearchCloseImg" border="0" src="search/close.png" alt=""/></a>
          </span>
        </div>
      </li>
    </ul>
  </div>
</div><!-- top -->
<div id="side-nav" class="ui-resizable side-nav-resizable">
  <div id="nav-tree">
    <div id="nav-tree-contents">
      <div id="nav-sync" class="sync"></div>
    </div>
  </div>
  <div id="splitbar" style="-moz-user-select:none;" 
       class="ui-resizable-handle">
  </div>
</div>
<script type="text/javascript">
$(document).ready(function(){initNavTree('group__expected.html','');});
</script>
<div id="doc-content">
<!-- window showing the filter options -->
<div id="MSearchSelectWindow"
     onmouseover="return searchBox.OnSearchSelectShow()"
     onmouseout="return searchBox.OnSearchSelectHide()"
     onkeydown="return searchBox.OnSearchSelectKey(event)">
<a class="SelectItem" href="javascript:void(0)" onclick="searchBox.OnSelectItem(0)"><span class="SelectionMark">&#160;</span>All</a><a class="SelectItem" href="javascript:void(0)" onclick="searchBox.OnSelectItem(1)"><span class="SelectionMark">&#160;</span>Classes</a><a class="SelectItem" href="javascript:void(0)" onclick="searchBox.OnSelectItem(2)"><span class="SelectionMark">&#160;</span>Namespaces</a><a class="SelectItem" href="javascript:void(0)" onclick="searchBox.OnSelectItem(3)"><span class="SelectionMark">&#160;</span>Files</a><a class="SelectItem" href="javascript:void(0)" onclick="searchBox.OnSelectItem(4)"><span class="SelectionMark">&#160;</span>Functions</a><a class="SelectItem" href="javascript:void(0)" onclick="searchBox.OnSelectItem(5)"><span class="SelectionMark">&#160;</span>Variables</a><a class="SelectItem" href="javascript:void(0)" onclick="searchBox.OnSelectItem(6)"><span class="SelectionMark">&#160;</span>Typedefs</a><a class="SelectItem" href="javascript:void(0)" onclick="searchBox.OnSelectItem(7)"><span class="SelectionMark">&#160;</span>Enumerations</a><a class="SelectItem" href="javascript:void(0)" onclick="searchBox.OnSelectItem(8)"><span class="SelectionMark">&#160;</span>Enumerator</a><a class="SelectItem" href="javascript:void(0)" onclick="searchBox.OnSelectItem(9)"><span class="SelectionMark">&#160;</span>Macros</a><a class="SelectItem" href="javascript:void(0)" onclick="searchBox.OnSelectItem(10)"><span class="SelectionMark">&#160;</span>Groups</a><a class="SelectItem" href="javascript:void(0)" onclick="searchBox.OnSelectItem(11)"><span class="SelectionMark">&#160;</span>Pages</a></div>

<!-- iframe showing the search results (closed by default) -->
<div id="MSearchResultsWindow">
<iframe src="javascript:void(0)" frameborder="0" 
        name="MSearchResults" id="MSearchResults">
</iframe>
</div>

<div class="header">
  <div class="summary">
<a href="#nested-classes">Classes</a> &#124;
<a href="#typedef-members">Typedefs</a> &#124;
<a href="#func-members">Functions</a> &#124;
<a href="#var-members">Variables</a>  </div>
  <div class="headertitle">
<div class="title">Implementation of LEWG proposed expected&lt;T, E&gt;</div>  </div>
</div><!--header-->
<div class="contents">
<table class="memberdecls">
<tr class="heading"><td colspan="2"><h2 class="groupheader"><a name="nested-classes"></a>
Classes</h2></td></tr>
<tr class="memitem:"><td class="memItemLeft" align="right" valign="top">class &#160;</td><td class="memItemRight" valign="bottom"><a class="el" href="classboost_1_1outcome_1_1v1__xxx_1_1bad__expected__access.html">boost::outcome::v1_xxx::bad_expected_access&lt; E &gt;</a></td></tr>
<tr class="memdesc:"><td class="mdescLeft">&#160;</td><td class="mdescRight">The exception type thrown when you try to access an errored expected.  <a href="classboost_1_1outcome_1_1v1__xxx_1_1bad__expected__access.html#details">More...</a><br/></td></tr>
<tr class="separator:"><td class="memSeparator" colspan="2">&#160;</td></tr>
</table><table class="memberdecls">
<tr class="heading"><td colspan="2"><h2 class="groupheader"><a name="typedef-members"></a>
Typedefs</h2></td></tr>
<tr class="memitem:ga7440167038cbd110405573cf2bd873ad"><td class="memTemplParams" colspan="2"><a class="anchor" id="ga7440167038cbd110405573cf2bd873ad"></a>
template&lt;typename R , typename E  = BOOST_OUTCOME_EXPECTED_DEFAULT_ERROR_TYPE&gt; </td></tr>
<tr class="memitem:ga7440167038cbd110405573cf2bd873ad"><td class="memTemplItemLeft" align="right" valign="top">using&#160;</td><td class="memTemplItemRight" valign="bottom"><a class="el" href="group__expected.html#ga7440167038cbd110405573cf2bd873ad">boost::outcome::v1_xxx::expected</a> = basic_monad&lt; detail::expected_policy&lt; R, E &gt;&gt;</td></tr>
<tr class="memdesc:ga7440167038cbd110405573cf2bd873ad"><td class="mdescLeft">&#160;</td><td class="mdescRight"><code>expected&lt;R&gt;</code> can hold a fixed variant list of empty, a type <code>R</code> or a lightweight <code>std::error_code</code> at a space cost of <code>max(24, sizeof(R)+8)</code>. This corresponds to <code>tribool::unknown</code>, <code>tribool::true_</code> and <code>tribool::false_</code> respectively. This specialisation matches the proposed Expected implementation before standards. <br/></td></tr>
<tr class="separator:ga7440167038cbd110405573cf2bd873ad"><td class="memSeparator" colspan="2">&#160;</td></tr>
<tr class="memitem:gaf61cb3012566f621329133c01f17c647"><td class="memTemplParams" colspan="2"><a class="anchor" id="gaf61cb3012566f621329133c01f17c647"></a>
template&lt;typename E &gt; </td></tr>
<tr class="memitem:gaf61cb3012566f621329133c01f17c647"><td class="memTemplItemLeft" align="right" valign="top">using&#160;</td><td class="memTemplItemRight" valign="bottom"><a class="el" href="group__expected.html#gaf61cb3012566f621329133c01f17c647">boost::outcome::v1_xxx::unexpected_type</a> = basic_monad&lt; detail::expected_policy&lt; void, E &gt;&gt;</td></tr>
<tr class="memdesc:gaf61cb3012566f621329133c01f17c647"><td class="mdescLeft">&#160;</td><td class="mdescRight">Type sugar to indicate type E is an unexpected value. <br/></td></tr>
<tr class="separator:gaf61cb3012566f621329133c01f17c647"><td class="memSeparator" colspan="2">&#160;</td></tr>
<tr class="memitem:ga43a5a0da82bcdf70d885e62ca9d5528a"><td class="memItemLeft" align="right" valign="top"><a class="anchor" id="ga43a5a0da82bcdf70d885e62ca9d5528a"></a>
using&#160;</td><td class="memItemRight" valign="bottom"><a class="el" href="group__expected.html#ga43a5a0da82bcdf70d885e62ca9d5528a">boost::outcome::v1_xxx::unexpect_t</a> = error_t</td></tr>
<tr class="memdesc:ga43a5a0da82bcdf70d885e62ca9d5528a"><td class="mdescLeft">&#160;</td><td class="mdescRight">Tag type for unexpected. <br/></td></tr>
<tr class="separator:ga43a5a0da82bcdf70d885e62ca9d5528a"><td class="memSeparator" colspan="2">&#160;</td></tr>
</table><table class="memberdecls">
<tr class="heading"><td colspan="2"><h2 class="groupheader"><a name="func-members"></a>
Functions</h2></td></tr>
<tr class="memitem:ga276cc35056dccfdbe461c11d8eeb3d93"><td class="memItemLeft" align="right" valign="top"><a class="anchor" id="ga276cc35056dccfdbe461c11d8eeb3d93"></a>
expected&lt; void &gt;&#160;</td><td class="memItemRight" valign="bottom"><a class="el" href="group__expected.html#ga276cc35056dccfdbe461c11d8eeb3d93">boost::outcome::v1_xxx::make_expected</a> ()</td></tr>
<tr class="memdesc:ga276cc35056dccfdbe461c11d8eeb3d93"><td class="mdescLeft">&#160;</td><td class="mdescRight">Makes an expected&lt;void&gt; <br/></td></tr>
<tr class="separator:ga276cc35056dccfdbe461c11d8eeb3d93"><td class="memSeparator" colspan="2">&#160;</td></tr>
<tr class="memitem:ga4c1e14f8fbcc88fcba33db0e20a81b68"><td class="memTemplParams" colspan="2"><a class="anchor" id="ga4c1e14f8fbcc88fcba33db0e20a81b68"></a>
template&lt;class T &gt; </td></tr>
<tr class="memitem:ga4c1e14f8fbcc88fcba33db0e20a81b68"><td class="memTemplItemLeft" align="right" valign="top">constexpr expected&lt; T &gt;&#160;</td><td class="memTemplItemRight" valign="bottom"><a class="el" href="group__expected.html#ga4c1e14f8fbcc88fcba33db0e20a81b68">boost::outcome::v1_xxx::make_expected</a> (T &amp;&amp;v)</td></tr>
<tr class="memdesc:ga4c1e14f8fbcc88fcba33db0e20a81b68"><td class="mdescLeft">&#160;</td><td class="mdescRight">Makes an expected from the type passed. <br/></td></tr>
<tr class="separator:ga4c1e14f8fbcc88fcba33db0e20a81b68"><td class="memSeparator" colspan="2">&#160;</td></tr>
<tr class="memitem:ga15006fc8c6098c482cc05f8f5e0f37fb"><td class="memTemplParams" colspan="2"><a class="anchor" id="ga15006fc8c6098c482cc05f8f5e0f37fb"></a>
template&lt;class T &gt; </td></tr>
<tr class="memitem:ga15006fc8c6098c482cc05f8f5e0f37fb"><td class="memTemplItemLeft" align="right" valign="top">constexpr expected&lt; T &gt;&#160;</td><td class="memTemplItemRight" valign="bottom"><a class="el" href="group__expected.html#ga15006fc8c6098c482cc05f8f5e0f37fb">boost::outcome::v1_xxx::make_expected</a> (const T &amp;v)</td></tr>
<tr class="memdesc:ga15006fc8c6098c482cc05f8f5e0f37fb"><td class="mdescLeft">&#160;</td><td class="mdescRight">Makes an expected from the type passed. <br/></td></tr>
<tr class="separator:ga15006fc8c6098c482cc05f8f5e0f37fb"><td class="memSeparator" colspan="2">&#160;</td></tr>
<tr class="memitem:ga03e1e619a559e7f336621b1092e28527"><td class="memTemplParams" colspan="2"><a class="anchor" id="ga03e1e619a559e7f336621b1092e28527"></a>
template&lt;class E &gt; </td></tr>
<tr class="memitem:ga03e1e619a559e7f336621b1092e28527"><td class="memTemplItemLeft" align="right" valign="top">constexpr unexpected_type&lt; E &gt;&#160;</td><td class="memTemplItemRight" valign="bottom"><a class="el" href="group__expected.html#ga03e1e619a559e7f336621b1092e28527">boost::outcome::v1_xxx::make_unexpected</a> (E &amp;&amp;v)</td></tr>
<tr class="memdesc:ga03e1e619a559e7f336621b1092e28527"><td class="mdescLeft">&#160;</td><td class="mdescRight">Makes an unexpected from the type passed. <br/></td></tr>
<tr class="separator:ga03e1e619a559e7f336621b1092e28527"><td class="memSeparator" colspan="2">&#160;</td></tr>
<tr class="memitem:gabd55e36a8c81909ef08420b0f59c2d7c"><td class="memTemplParams" colspan="2"><a class="anchor" id="gabd55e36a8c81909ef08420b0f59c2d7c"></a>
template&lt;class E &gt; </td></tr>
<tr class="memitem:gabd55e36a8c81909ef08420b0f59c2d7c"><td class="memTemplItemLeft" align="right" valign="top">constexpr unexpected_type&lt; E &gt;&#160;</td><td class="memTemplItemRight" valign="bottom"><a class="el" href="group__expected.html#gabd55e36a8c81909ef08420b0f59c2d7c">boost::outcome::v1_xxx::make_unexpected</a> (const E &amp;v)</td></tr>
<tr class="memdesc:gabd55e36a8c81909ef08420b0f59c2d7c"><td class="mdescLeft">&#160;</td><td class="mdescRight">Makes an unexpected from the type passed. <br/></td></tr>
<tr class="separator:gabd55e36a8c81909ef08420b0f59c2d7c"><td class="memSeparator" colspan="2">&#160;</td></tr>
<tr class="memitem:ga726f6c276fd09c5036f20811239b0c8e"><td class="memTemplParams" colspan="2"><a class="anchor" id="ga726f6c276fd09c5036f20811239b0c8e"></a>
template&lt;class T , class E &gt; </td></tr>
<tr class="memitem:ga726f6c276fd09c5036f20811239b0c8e"><td class="memTemplItemLeft" align="right" valign="top">constexpr expected&lt; T, E &gt;&#160;</td><td class="memTemplItemRight" valign="bottom"><a class="el" href="group__expected.html#ga726f6c276fd09c5036f20811239b0c8e">boost::outcome::v1_xxx::make_expected_from_error</a> (E &amp;&amp;v)</td></tr>
<tr class="memdesc:ga726f6c276fd09c5036f20811239b0c8e"><td class="mdescLeft">&#160;</td><td class="mdescRight">Make an errored expected from the type passed. <br/></td></tr>
<tr class="separator:ga726f6c276fd09c5036f20811239b0c8e"><td class="memSeparator" colspan="2">&#160;</td></tr>
<tr class="memitem:gafb8fef1c192879efd3d8baa9e1d5fb29"><td class="memTemplParams" colspan="2"><a class="anchor" id="gafb8fef1c192879efd3d8baa9e1d5fb29"></a>
template&lt;class T , class E &gt; </td></tr>
<tr class="memitem:gafb8fef1c192879efd3d8baa9e1d5fb29"><td class="memTemplItemLeft" align="right" valign="top">constexpr expected&lt; T, E &gt;&#160;</td><td class="memTemplItemRight" valign="bottom"><a class="el" href="group__expected.html#gafb8fef1c192879efd3d8baa9e1d5fb29">boost::outcome::v1_xxx::make_expected_from_error</a> (const E &amp;v)</td></tr>
<tr class="memdesc:gafb8fef1c192879efd3d8baa9e1d5fb29"><td class="mdescLeft">&#160;</td><td class="mdescRight">Make an errored expected from the type passed. <br/></td></tr>
<tr class="separator:gafb8fef1c192879efd3d8baa9e1d5fb29"><td class="memSeparator" colspan="2">&#160;</td></tr>
<tr class="memitem:ga2b20ead4762b8cc52a81dbcde62e4b4f"><td class="memTemplParams" colspan="2"><a class="anchor" id="ga2b20ead4762b8cc52a81dbcde62e4b4f"></a>
template&lt;class T , class E , class U &gt; </td></tr>
<tr class="memitem:ga2b20ead4762b8cc52a81dbcde62e4b4f"><td class="memTemplItemLeft" align="right" valign="top">constexpr expected&lt; T, E &gt;&#160;</td><td class="memTemplItemRight" valign="bottom"><a class="el" href="group__expected.html#ga2b20ead4762b8cc52a81dbcde62e4b4f">boost::outcome::v1_xxx::make_expected_from_error</a> (U &amp;&amp;v)</td></tr>
<tr class="memdesc:ga2b20ead4762b8cc52a81dbcde62e4b4f"><td class="mdescLeft">&#160;</td><td class="mdescRight">Make an errored expected from the type passed. <br/></td></tr>
<tr class="separator:ga2b20ead4762b8cc52a81dbcde62e4b4f"><td class="memSeparator" colspan="2">&#160;</td></tr>
</table><table class="memberdecls">
<tr class="heading"><td colspan="2"><h2 class="groupheader"><a name="var-members"></a>
Variables</h2></td></tr>
<tr class="memitem:ga71d06dbe1034b67b00f3f69839c548ae"><td class="memItemLeft" align="right" valign="top"><a class="anchor" id="ga71d06dbe1034b67b00f3f69839c548ae"></a>
constexpr unexpect_t&#160;</td><td class="memItemRight" valign="bottom"><a class="el" href="group__expected.html#ga71d06dbe1034b67b00f3f69839c548ae">boost::outcome::v1_xxx::unexpect</a> = unexpect_t()</td></tr>
<tr class="memdesc:ga71d06dbe1034b67b00f3f69839c548ae"><td class="mdescLeft">&#160;</td><td class="mdescRight">Tag value for unexpected. <br/></td></tr>
<tr class="separator:ga71d06dbe1034b67b00f3f69839c548ae"><td class="memSeparator" colspan="2">&#160;</td></tr>
</table>
<a name="details" id="details"></a><h2 class="groupheader">Detailed Description</h2>
<p>For your convenience, Outcome implements the LEWG Expected proposal as per <a href="http://www.open-std.org/jtc1/sc22/wg21/docs/papers/2016/p0323r1.pdf">http://www.open-std.org/jtc1/sc22/wg21/docs/papers/2016/p0323r1.pdf</a>. To our knowledge, this implementation is very close to the proposal with these exceptions:</p>
<ul>
<li>P0323R1 doesn't yet specify what will be done if you try accessing an expected which is valueless due to exception. We throw a <code><a class="el" href="classboost_1_1outcome_1_1v1__xxx_1_1bad__expected__access.html" title="The exception type thrown when you try to access an errored expected. ">bad_expected_access</a>&lt;void&gt;</code> in this situation as that seemed sensible. If the LEWG proposal decides on something different, this implementation will change to track the LEWG proposal.</li>
<li><code>unexpected_type&lt;E&gt;</code> is implemented as an <code>expected&lt;void, E&gt;</code> and it lets the <a class="el" href="classboost_1_1outcome_1_1v1__xxx_1_1basic__monad.html" title="Implements a configurable lightweight simple monadic value transport with the same semantics and API ...">basic_monad</a> machinery do the implicit conversion to some <code>expected&lt;T, E&gt;</code>.</li>
<li>Types <code>T</code> and <code>E</code> cannot be constructible into one another.</li>
<li><code>expected&lt;T, E&gt;</code> defaults E to <code><a class="el" href="classboost_1_1outcome_1_1v1__xxx_1_1error__code__extended.html" title="Keeps additional information about a std::error_code like custom error message, backtrace etc...">error_code_extended</a></code>. If you don't like this, predefine the <code>BOOST_OUTCOME_EXPECTED_DEFAULT_ERROR_TYPE</code> macro.</li>
<li>Our Expected always defines the copy and move constructors even if the the type configured is not capable of it. That means <code>std::is_copy_constructible</code> returns true. The only cause of this is that the only way I could make this work was to make every constructor templated which is real bad for compile times. So I elected to break the Expected spec here. The constant bool at <code>expected&lt;T, E&gt;::is_copy_constructible</code> is an easy workaround. </li>
</ul>
</div><!-- contents -->
</div><!-- doc-content -->
<!-- start footer part -->
<div id="nav-path" class="navpath"><!-- id is needed for treeview function! -->
  <ul>
    <li class="footer">Generated by
    <a href="http://www.doxygen.org/index.html">
    <img class="footer" src="doxygen.png" alt="doxygen"/></a> 1.8.6 </li>
  </ul>
</div>
</body>
</html>
